#-----------------------------------------------------------
# Vivado v2019.1 (64-bit)
# SW Build 2552052 on Fri May 24 14:49:42 MDT 2019
# IP Build 2548770 on Fri May 24 18:01:18 MDT 2019
# Start of session at: Sat Feb  8 13:40:15 2020
# Process ID: 9924
# Current directory: C:/Users/pdhungana21/Desktop/alu
# Command line: vivado.exe -gui_launcher_event rodinguilauncherevent10904 C:\Users\pdhungana21\Desktop\alu\alu.xpr
# Log file: C:/Users/pdhungana21/Desktop/alu/vivado.log
# Journal file: C:/Users/pdhungana21/Desktop/alu\vivado.jou
#-----------------------------------------------------------
start_gui
open_project C:/Users/pdhungana21/Desktop/alu/alu.xpr
update_compile_order -fileset sources_1
reset_run synth_1
launch_runs synth_1 -jobs 4
wait_on_run synth_1
open_run synth_1 -name synth_1
close_design
synth_design -rtl -name rtl_1
refresh_design
update_compile_order -fileset sources_1
refresh_design
refresh_design
update_compile_order -fileset sources_1
reset_run synth_1
launch_runs synth_1 -jobs 4
wait_on_run synth_1
refresh_design
reset_run synth_1
launch_runs synth_1 -jobs 4
wait_on_run synth_1
reset_run synth_1
launch_runs synth_1 -jobs 4
wait_on_run synth_1
close_design
open_run synth_1 -name synth_1
close_design
synth_design -rtl -name rtl_1
reset_run synth_1
launch_runs synth_1 -jobs 4
wait_on_run synth_1
reset_run synth_1
launch_runs synth_1 -jobs 4
wait_on_run synth_1
close_design
open_run synth_1 -name synth_1
close_design
synth_design -rtl -name rtl_1
reset_run synth_1
launch_runs synth_1 -jobs 4
wait_on_run synth_1
close_design
open_run synth_1 -name synth_1
close_design
synth_design -rtl -name rtl_1
reset_run synth_1
launch_runs synth_1 -jobs 4
wait_on_run synth_1
refresh_design
refresh_design
refresh_design
refresh_design
refresh_design
refresh_design
refresh_design
update_compile_order -fileset sources_1
refresh_design
refresh_design
refresh_design
refresh_design
update_compile_order -fileset sources_1
reset_run synth_1
launch_runs synth_1 -jobs 4
wait_on_run synth_1
close_design
open_run synth_1 -name synth_1
close_design
synth_design -rtl -name rtl_1
refresh_design
refresh_design
refresh_design
refresh_design
refresh_design
